2026-08-02 15:55:46,712 INFO:AquaBuddy API server listening on http://0.0.0.0:9090
2026-08-02 15:56:44,016 INFO:AquaBuddy API server listening on http://0.0.0.0:9090
2026-08-02 15:57:07,245 INFO:AquaBuddy API server listening on http://0.0.0.0:9090
2026-08-02 16:00:24,275 INFO:AquaBuddy API server listening on http://0.0.0.0:9090
2026-08-02 16:01:00,726 INFO:AquaBuddy API server listening on http://0.0.0.0:9090
2026-08-02 16:05:43,070 INFO:AquaBuddy API server listening on http://0.0.0.0:9090
2026-08-02 16:11:55,140 INFO:AquaBuddy API server listening on http://0.0.0.0:9090
2026-08-02 16:20:01,520 INFO:AquaBuddy API server listening on http://0.0.0.0:9090
2026-08-02 16:20:15,427 INFO:HTTP Request: POST https://ogfzfgsvmjuimjjhaubs.supabase.co/auth/v1/signup "HTTP/2 200 OK"
2026-08-02 16:20:15,613 INFO:HTTP Request: POST https://ogfzfgsvmjuimjjhaubs.supabase.co/auth/v1/token?grant_type=password "HTTP/2 200 OK"
2026-08-02 16:26:45,997 INFO:AquaBuddy API server listening on http://0.0.0.0:9090
2026-08-02 16:26:52,266 INFO:HTTP Request: POST https://ogfzfgsvmjuimjjhaubs.supabase.co/auth/v1/signup "HTTP/2 200 OK"
2026-08-02 16:26:52,469 INFO:HTTP Request: POST https://ogfzfgsvmjuimjjhaubs.supabase.co/auth/v1/token?grant_type=password "HTTP/2 200 OK"
2026-08-02 16:33:07,668 INFO:AquaBuddy API server listening on http://0.0.0.0:9090
2026-08-02 16:33:42,639 INFO:HTTP Request: POST https://ogfzfgsvmjuimjjhaubs.supabase.co/auth/v1/signup "HTTP/2 200 OK"
2026-08-02 16:33:42,820 INFO:HTTP Request: POST https://ogfzfgsvmjuimjjhaubs.supabase.co/auth/v1/token?grant_type=password "HTTP/2 200 OK"
2026-08-02 17:03:19,571 INFO:HTTP Request: POST https://ogfzfgsvmjuimjjhaubs.supabase.co/auth/v1/token?grant_type=password "HTTP/2 400 Bad Request"
2026-08-02 17:04:09,340 INFO:HTTP Request: POST https://ogfzfgsvmjuimjjhaubs.supabase.co/auth/v1/signup "HTTP/2 200 OK"
2026-08-02 17:04:41,881 INFO:HTTP Request: POST https://ogfzfgsvmjuimjjhaubs.supabase.co/auth/v1/token?grant_type=password "HTTP/2 200 OK"
2026-08-02 17:07:44,749 INFO:HTTP Request: POST https://ogfzfgsvmjuimjjhaubs.supabase.co/auth/v1/token?grant_type=password "HTTP/2 200 OK"
2026-08-02 18:07:32,965 INFO:HTTP Request: POST https://ogfzfgsvmjuimjjhaubs.supabase.co/auth/v1/token?grant_type=refresh_token "HTTP/2 200 OK"
2026-08-02 18:07:33,034 INFO:HTTP Request: POST https://ogfzfgsvmjuimjjhaubs.supabase.co/auth/v1/token?grant_type=refresh_token "HTTP/2 200 OK"
2026-08-02 19:07:22,059 INFO:HTTP Request: POST https://ogfzfgsvmjuimjjhaubs.supabase.co/auth/v1/token?grant_type=refresh_token "HTTP/2 200 OK"
2026-08-02 19:07:22,114 INFO:HTTP Request: POST https://ogfzfgsvmjuimjjhaubs.supabase.co/auth/v1/token?grant_type=refresh_token "HTTP/2 200 OK"
2026-08-02 20:13:55,709 INFO:HTTP Request: POST https://ogfzfgsvmjuimjjhaubs.supabase.co/auth/v1/token?grant_type=refresh_token "HTTP/2 200 OK"
2026-08-02 20:13:55,771 INFO:HTTP Request: POST https://ogfzfgsvmjuimjjhaubs.supabase.co/auth/v1/token?grant_type=refresh_token "HTTP/2 200 OK"
2026-08-02 21:13:44,022 INFO:HTTP Request: POST https://ogfzfgsvmjuimjjhaubs.supabase.co/auth/v1/token?grant_type=refresh_token "HTTP/2 200 OK"
2026-08-02 21:13:44,080 INFO:HTTP Request: POST https://ogfzfgsvmjuimjjhaubs.supabase.co/auth/v1/token?grant_type=refresh_token "HTTP/2 200 OK"
2026-08-02 22:13:32,127 INFO:HTTP Request: POST https://ogfzfgsvmjuimjjhaubs.supabase.co/auth/v1/token?grant_type=refresh_token "HTTP/2 200 OK"
2026-08-02 22:13:32,191 INFO:HTTP Request: POST https://ogfzfgsvmjuimjjhaubs.supabase.co/auth/v1/token?grant_type=refresh_token "HTTP/2 200 OK"
2026-08-02 23:13:20,398 INFO:HTTP Request: POST https://ogfzfgsvmjuimjjhaubs.supabase.co/auth/v1/token?grant_type=refresh_token "HTTP/2 200 OK"
2026-08-02 23:13:20,466 INFO:HTTP Request: POST https://ogfzfgsvmjuimjjhaubs.supabase.co/auth/v1/token?grant_type=refresh_token "HTTP/2 200 OK"
2026-08-03 07:45:48,437 INFO:HTTP Request: POST https://ogfzfgsvmjuimjjhaubs.supabase.co/auth/v1/token?grant_type=refresh_token "HTTP/2 200 OK"
2026-08-03 07:45:48,506 INFO:HTTP Request: POST https://ogfzfgsvmjuimjjhaubs.supabase.co/auth/v1/token?grant_type=refresh_token "HTTP/2 200 OK"
2026-08-03 13:58:19,966 INFO:HTTP Request: POST https://ogfzfgsvmjuimjjhaubs.supabase.co/auth/v1/token?grant_type=refresh_token "HTTP/2 200 OK"
2026-08-03 13:58:20,025 INFO:HTTP Request: POST https://ogfzfgsvmjuimjjhaubs.supabase.co/auth/v1/token?grant_type=refresh_token "HTTP/2 200 OK"
2026-08-03 14:58:11,321 INFO:HTTP Request: POST https://ogfzfgsvmjuimjjhaubs.supabase.co/auth/v1/token?grant_type=refresh_token "HTTP/2 200 OK"
2026-08-03 14:58:11,428 INFO:HTTP Request: POST https://ogfzfgsvmjuimjjhaubs.supabase.co/auth/v1/token?grant_type=refresh_token "HTTP/2 200 OK"
2026-08-03 15:58:02,765 INFO:HTTP Request: POST https://ogfzfgsvmjuimjjhaubs.supabase.co/auth/v1/token?grant_type=refresh_token "HTTP/2 200 OK"
2026-08-03 15:58:02,835 INFO:HTTP Request: POST https://ogfzfgsvmjuimjjhaubs.supabase.co/auth/v1/token?grant_type=refresh_token "HTTP/2 200 OK"
2026-08-03 16:57:52,959 INFO:HTTP Request: POST https://ogfzfgsvmjuimjjhaubs.supabase.co/auth/v1/token?grant_type=refresh_token "HTTP/2 200 OK"
2026-08-03 16:57:53,026 INFO:HTTP Request: POST https://ogfzfgsvmjuimjjhaubs.supabase.co/auth/v1/token?grant_type=refresh_token "HTTP/2 200 OK"
2026-08-03 17:57:44,241 INFO:HTTP Request: POST https://ogfzfgsvmjuimjjhaubs.supabase.co/auth/v1/token?grant_type=refresh_token "HTTP/2 200 OK"
2026-08-03 17:57:44,309 INFO:HTTP Request: POST https://ogfzfgsvmjuimjjhaubs.supabase.co/auth/v1/token?grant_type=refresh_token "HTTP/2 200 OK"
2026-08-03 19:22:26,464 INFO:HTTP Request: POST https://ogfzfgsvmjuimjjhaubs.supabase.co/auth/v1/token?grant_type=refresh_token "HTTP/2 200 OK"
2026-08-03 19:22:26,543 INFO:HTTP Request: POST https://ogfzfgsvmjuimjjhaubs.supabase.co/auth/v1/token?grant_type=refresh_token "HTTP/2 200 OK"
2026-08-03 20:22:15,881 INFO:HTTP Request: POST https://ogfzfgsvmjuimjjhaubs.supabase.co/auth/v1/token?grant_type=refresh_token "HTTP/2 200 OK"
2026-08-03 20:22:15,953 INFO:HTTP Request: POST https://ogfzfgsvmjuimjjhaubs.supabase.co/auth/v1/token?grant_type=refresh_token "HTTP/2 200 OK"
2026-08-03 21:22:06,209 INFO:HTTP Request: POST https://ogfzfgsvmjuimjjhaubs.supabase.co/auth/v1/token?grant_type=refresh_token "HTTP/2 200 OK"
2026-08-03 21:22:06,272 INFO:HTTP Request: POST https://ogfzfgsvmjuimjjhaubs.supabase.co/auth/v1/token?grant_type=refresh_token "HTTP/2 200 OK"
2026-08-03 22:21:56,561 INFO:HTTP Request: POST https://ogfzfgsvmjuimjjhaubs.supabase.co/auth/v1/token?grant_type=refresh_token "HTTP/2 200 OK"
2026-08-03 22:21:56,634 INFO:HTTP Request: POST https://ogfzfgsvmjuimjjhaubs.supabase.co/auth/v1/token?grant_type=refresh_token "HTTP/2 200 OK"
2026-08-03 22:53:47,973 INFO:AquaBuddy API server listening on http://0.0.0.0:9090
2026-08-03 23:21:46,796 INFO:HTTP Request: POST https://ogfzfgsvmjuimjjhaubs.supabase.co/auth/v1/token?grant_type=refresh_token "HTTP/2 200 OK"
2026-08-03 23:40:57,760 INFO:AquaBuddy API server listening on http://0.0.0.0:9090
2026-08-03 23:52:40,379 INFO:HTTP Request: POST https://ogfzfgsvmjuimjjhaubs.supabase.co/auth/v1/token?grant_type=password "HTTP/2 200 OK"
2026-08-03 23:52:40,534 INFO:HTTP Request: POST https://ogfzfgsvmjuimjjhaubs.supabase.co/auth/v1/token?grant_type=password "HTTP/2 200 OK"
2026-08-04 00:52:30,669 INFO:HTTP Request: POST https://ogfzfgsvmjuimjjhaubs.supabase.co/auth/v1/token?grant_type=refresh_token "HTTP/2 200 OK"
2026-08-04 01:52:21,084 INFO:HTTP Request: POST https://ogfzfgsvmjuimjjhaubs.supabase.co/auth/v1/token?grant_type=refresh_token "HTTP/2 200 OK"
2026-08-04 01:52:21,151 INFO:HTTP Request: POST https://ogfzfgsvmjuimjjhaubs.supabase.co/auth/v1/token?grant_type=refresh_token "HTTP/2 200 OK"
2026-08-04 02:52:12,449 INFO:HTTP Request: POST https://ogfzfgsvmjuimjjhaubs.supabase.co/auth/v1/token?grant_type=refresh_token "HTTP/2 200 OK"
2026-08-04 02:52:12,508 INFO:HTTP Request: POST https://ogfzfgsvmjuimjjhaubs.supabase.co/auth/v1/token?grant_type=refresh_token "HTTP/2 200 OK"
2026-08-04 03:52:02,748 INFO:HTTP Request: POST https://ogfzfgsvmjuimjjhaubs.supabase.co/auth/v1/token?grant_type=refresh_token "HTTP/2 200 OK"
2026-08-04 03:52:02,797 INFO:HTTP Request: POST https://ogfzfgsvmjuimjjhaubs.supabase.co/auth/v1/token?grant_type=refresh_token "HTTP/2 200 OK"
2026-08-04 04:51:53,057 INFO:HTTP Request: POST https://ogfzfgsvmjuimjjhaubs.supabase.co/auth/v1/token?grant_type=refresh_token "HTTP/2 200 OK"
2026-08-04 04:51:53,145 INFO:HTTP Request: POST https://ogfzfgsvmjuimjjhaubs.supabase.co/auth/v1/token?grant_type=refresh_token "HTTP/2 200 OK"
2026-08-04 05:51:44,395 INFO:HTTP Request: POST https://ogfzfgsvmjuimjjhaubs.supabase.co/auth/v1/token?grant_type=refresh_token "HTTP/2 200 OK"
2026-08-04 05:51:44,454 INFO:HTTP Request: POST https://ogfzfgsvmjuimjjhaubs.supabase.co/auth/v1/token?grant_type=refresh_token "HTTP/2 200 OK"
2026-08-04 06:51:35,716 INFO:HTTP Request: POST https://ogfzfgsvmjuimjjhaubs.supabase.co/auth/v1/token?grant_type=refresh_token "HTTP/2 200 OK"
2026-08-04 06:51:35,776 INFO:HTTP Request: POST https://ogfzfgsvmjuimjjhaubs.supabase.co/auth/v1/token?grant_type=refresh_token "HTTP/2 200 OK"
2026-08-04 07:07:27,606 INFO:AquaBuddy API server listening on http://0.0.0.0:9090
2026-08-04 07:51:26,103 INFO:HTTP Request: POST https://ogfzfgsvmjuimjjhaubs.supabase.co/auth/v1/token?grant_type=refresh_token "HTTP/2 200 OK"
2026-08-04 07:51:26,191 INFO:HTTP Request: POST https://ogfzfgsvmjuimjjhaubs.supabase.co/auth/v1/token?grant_type=refresh_token "HTTP/2 200 OK"
2026-08-04 08:10:56,160 INFO:AquaBuddy API server listening on http://0.0.0.0:9090
2026-08-04 08:15:53,142 INFO:AquaBuddy API server listening on http://0.0.0.0:9090
2026-08-04 08:16:05,018 INFO:HTTP Request: POST https://ogfzfgsvmjuimjjhaubs.supabase.co/rest/v1/chat_messages "HTTP/2 404 Not Found"
2026-08-04 08:17:19,904 INFO:HTTP Request: POST https://ogfzfgsvmjuimjjhaubs.supabase.co/rest/v1/chat_messages "HTTP/2 404 Not Found"
2026-08-04 08:17:57,562 INFO:HTTP Request: POST https://ogfzfgsvmjuimjjhaubs.supabase.co/rest/v1/chat_messages "HTTP/2 404 Not Found"
2026-08-04 08:25:18,993 INFO:HTTP Request: POST https://ogfzfgsvmjuimjjhaubs.supabase.co/rest/v1/chat_messages "HTTP/2 404 Not Found"
2026-08-04 08:25:30,210 INFO:HTTP Request: POST https://ogfzfgsvmjuimjjhaubs.supabase.co/rest/v1/chat_messages "HTTP/2 404 Not Found"
2026-08-04 08:30:35,664 INFO:HTTP Request: POST https://ogfzfgsvmjuimjjhaubs.supabase.co/rest/v1/chat_messages "HTTP/2 404 Not Found"
2026-08-04 08:30:52,192 INFO:HTTP Request: POST https://ogfzfgsvmjuimjjhaubs.supabase.co/rest/v1/chat_messages "HTTP/2 404 Not Found"
2026-08-04 13:04:49,278 INFO:HTTP Request: POST https://ogfzfgsvmjuimjjhaubs.supabase.co/auth/v1/token?grant_type=password "HTTP/2 200 OK"
2026-08-04 13:20:48,369 INFO:AquaBuddy API server listening on http://0.0.0.0:9090
2026-08-04 14:04:40,046 INFO:HTTP Request: POST https://ogfzfgsvmjuimjjhaubs.supabase.co/auth/v1/token?grant_type=refresh_token "HTTP/2 200 OK"
2026-08-04 14:04:40,094 INFO:HTTP Request: POST https://ogfzfgsvmjuimjjhaubs.supabase.co/auth/v1/token?grant_type=refresh_token "HTTP/2 200 OK"
2026-08-04 15:04:30,398 INFO:HTTP Request: POST https://ogfzfgsvmjuimjjhaubs.supabase.co/auth/v1/token?grant_type=refresh_token "HTTP/2 200 OK"
2026-08-04 15:04:30,459 INFO:HTTP Request: POST https://ogfzfgsvmjuimjjhaubs.supabase.co/auth/v1/token?grant_type=refresh_token "HTTP/2 200 OK"
2026-08-04 16:19:47,561 INFO:HTTP Request: POST https://ogfzfgsvmjuimjjhaubs.supabase.co/auth/v1/token?grant_type=refresh_token "HTTP/2 200 OK"
2026-08-04 16:19:47,670 INFO:HTTP Request: POST https://ogfzfgsvmjuimjjhaubs.supabase.co/auth/v1/token?grant_type=refresh_token "HTTP/2 200 OK"
2026-08-04 18:56:48,521 INFO:HTTP Request: POST https://ogfzfgsvmjuimjjhaubs.supabase.co/auth/v1/token?grant_type=refresh_token "HTTP/2 200 OK"
2026-08-04 18:56:48,598 INFO:HTTP Request: POST https://ogfzfgsvmjuimjjhaubs.supabase.co/auth/v1/token?grant_type=refresh_token "HTTP/2 200 OK"
2026-08-04 19:31:50,083 INFO:HTTP Request: POST https://ogfzfgsvmjuimjjhaubs.supabase.co/auth/v1/signup "HTTP/2 200 OK"
2026-08-04 19:31:52,294 INFO:HTTP Request: POST https://ogfzfgsvmjuimjjhaubs.supabase.co/auth/v1/token?grant_type=password "HTTP/2 200 OK"
2026-08-04 19:48:57,403 INFO:HTTP Request: POST https://ogfzfgsvmjuimjjhaubs.supabase.co/auth/v1/token?grant_type=password "HTTP/2 200 OK"
2026-08-04 20:48:46,567 INFO:HTTP Request: POST https://ogfzfgsvmjuimjjhaubs.supabase.co/auth/v1/token?grant_type=refresh_token "HTTP/2 200 OK"
2026-08-04 20:48:46,623 INFO:HTTP Request: POST https://ogfzfgsvmjuimjjhaubs.supabase.co/auth/v1/token?grant_type=refresh_token "HTTP/2 200 OK"
2026-08-04 21:41:56,701 INFO:HTTP Request: POST https://ogfzfgsvmjuimjjhaubs.supabase.co/rest/v1/chat_messages "HTTP/2 404 Not Found"
2026-08-04 21:41:58,695 INFO:HTTP Request: POST https://ogfzfgsvmjuimjjhaubs.supabase.co/rest/v1/chat_messages "HTTP/2 404 Not Found"
2026-08-04 21:48:35,473 INFO:HTTP Request: POST https://ogfzfgsvmjuimjjhaubs.supabase.co/auth/v1/token?grant_type=refresh_token "HTTP/2 200 OK"
2026-08-04 21:48:35,529 INFO:HTTP Request: POST https://ogfzfgsvmjuimjjhaubs.supabase.co/auth/v1/token?grant_type=refresh_token "HTTP/2 200 OK"
2026-08-04 22:48:24,392 INFO:HTTP Request: POST https://ogfzfgsvmjuimjjhaubs.supabase.co/auth/v1/token?grant_type=refresh_token "HTTP/2 200 OK"
2026-08-04 22:48:24,461 INFO:HTTP Request: POST https://ogfzfgsvmjuimjjhaubs.supabase.co/auth/v1/token?grant_type=refresh_token "HTTP/2 200 OK"
2026-08-05 00:26:39,214 INFO:HTTP Request: POST https://ogfzfgsvmjuimjjhaubs.supabase.co/auth/v1/token?grant_type=refresh_token "HTTP/2 200 OK"
2026-08-05 00:26:39,283 INFO:HTTP Request: POST https://ogfzfgsvmjuimjjhaubs.supabase.co/auth/v1/token?grant_type=refresh_token "HTTP/2 200 OK"
2026-08-05 01:26:28,637 INFO:HTTP Request: POST https://ogfzfgsvmjuimjjhaubs.supabase.co/auth/v1/token?grant_type=refresh_token "HTTP/2 200 OK"
2026-08-05 01:26:28,715 INFO:HTTP Request: POST https://ogfzfgsvmjuimjjhaubs.supabase.co/auth/v1/token?grant_type=refresh_token "HTTP/2 200 OK"
2026-08-05 02:26:16,530 INFO:HTTP Request: POST https://ogfzfgsvmjuimjjhaubs.supabase.co/auth/v1/token?grant_type=refresh_token "HTTP/2 200 OK"
2026-08-05 03:26:06,792 INFO:HTTP Request: POST https://ogfzfgsvmjuimjjhaubs.supabase.co/auth/v1/token?grant_type=refresh_token "HTTP/2 200 OK"
2026-08-05 03:26:06,860 INFO:HTTP Request: POST https://ogfzfgsvmjuimjjhaubs.supabase.co/auth/v1/token?grant_type=refresh_token "HTTP/2 200 OK"
2026-08-05 04:25:57,121 INFO:HTTP Request: POST https://ogfzfgsvmjuimjjhaubs.supabase.co/auth/v1/token?grant_type=refresh_token "HTTP/2 200 OK"
2026-08-05 04:25:57,180 INFO:HTTP Request: POST https://ogfzfgsvmjuimjjhaubs.supabase.co/auth/v1/token?grant_type=refresh_token "HTTP/2 200 OK"
2026-08-05 05:25:48,411 INFO:HTTP Request: POST https://ogfzfgsvmjuimjjhaubs.supabase.co/auth/v1/token?grant_type=refresh_token "HTTP/2 200 OK"
2026-08-05 05:25:48,460 INFO:HTTP Request: POST https://ogfzfgsvmjuimjjhaubs.supabase.co/auth/v1/token?grant_type=refresh_token "HTTP/2 200 OK"
2026-08-05 06:25:39,658 INFO:HTTP Request: POST https://ogfzfgsvmjuimjjhaubs.supabase.co/auth/v1/token?grant_type=refresh_token "HTTP/2 200 OK"
2026-08-05 06:25:39,730 INFO:HTTP Request: POST https://ogfzfgsvmjuimjjhaubs.supabase.co/auth/v1/token?grant_type=refresh_token "HTTP/2 200 OK"
2026-08-05 07:25:29,984 INFO:HTTP Request: POST https://ogfzfgsvmjuimjjhaubs.supabase.co/auth/v1/token?grant_type=refresh_token "HTTP/2 200 OK"
2026-08-05 07:25:30,043 INFO:HTTP Request: POST https://ogfzfgsvmjuimjjhaubs.supabase.co/auth/v1/token?grant_type=refresh_token "HTTP/2 200 OK"
2026-08-05 08:25:21,045 INFO:HTTP Request: POST https://ogfzfgsvmjuimjjhaubs.supabase.co/auth/v1/token?grant_type=refresh_token "HTTP/2 200 OK"
2026-08-05 08:25:21,106 INFO:HTTP Request: POST https://ogfzfgsvmjuimjjhaubs.supabase.co/auth/v1/token?grant_type=refresh_token "HTTP/2 200 OK"
2026-08-05 09:25:12,251 INFO:HTTP Request: POST https://ogfzfgsvmjuimjjhaubs.supabase.co/auth/v1/token?grant_type=refresh_token "HTTP/2 200 OK"
2026-08-05 09:25:12,319 INFO:HTTP Request: POST https://ogfzfgsvmjuimjjhaubs.supabase.co/auth/v1/token?grant_type=refresh_token "HTTP/2 200 OK"
2026-08-05 10:45:26,655 INFO:HTTP Request: POST https://ogfzfgsvmjuimjjhaubs.supabase.co/auth/v1/token?grant_type=refresh_token "HTTP/2 200 OK"
2026-08-05 10:45:26,716 INFO:HTTP Request: POST https://ogfzfgsvmjuimjjhaubs.supabase.co/auth/v1/token?grant_type=refresh_token "HTTP/2 200 OK"
2026-08-05 11:45:14,532 INFO:HTTP Request: POST https://ogfzfgsvmjuimjjhaubs.supabase.co/auth/v1/token?grant_type=refresh_token "HTTP/2 200 OK"
2026-08-05 12:45:04,814 INFO:HTTP Request: POST https://ogfzfgsvmjuimjjhaubs.supabase.co/auth/v1/token?grant_type=refresh_token "HTTP/2 200 OK"
2026-08-05 12:45:04,866 INFO:HTTP Request: POST https://ogfzfgsvmjuimjjhaubs.supabase.co/auth/v1/token?grant_type=refresh_token "HTTP/2 200 OK"
2026-08-05 13:44:55,105 INFO:HTTP Request: POST https://ogfzfgsvmjuimjjhaubs.supabase.co/auth/v1/token?grant_type=refresh_token "HTTP/2 200 OK"
2026-08-05 13:44:55,166 INFO:HTTP Request: POST https://ogfzfgsvmjuimjjhaubs.supabase.co/auth/v1/token?grant_type=refresh_token "HTTP/2 200 OK"
2026-08-05 14:44:45,544 INFO:HTTP Request: POST https://ogfzfgsvmjuimjjhaubs.supabase.co/auth/v1/token?grant_type=refresh_token "HTTP/2 200 OK"
2026-08-05 14:44:45,603 INFO:HTTP Request: POST https://ogfzfgsvmjuimjjhaubs.supabase.co/auth/v1/token?grant_type=refresh_token "HTTP/2 200 OK"
2026-08-05 15:49:30,742 INFO:HTTP Request: POST https://ogfzfgsvmjuimjjhaubs.supabase.co/auth/v1/token?grant_type=refresh_token "HTTP/2 200 OK"
2026-08-05 15:49:30,831 INFO:HTTP Request: POST https://ogfzfgsvmjuimjjhaubs.supabase.co/auth/v1/token?grant_type=refresh_token "HTTP/2 200 OK"
2026-08-05 16:49:20,057 INFO:HTTP Request: POST https://ogfzfgsvmjuimjjhaubs.supabase.co/auth/v1/token?grant_type=refresh_token "HTTP/2 200 OK"
2026-08-05 16:49:20,116 INFO:HTTP Request: POST https://ogfzfgsvmjuimjjhaubs.supabase.co/auth/v1/token?grant_type=refresh_token "HTTP/2 200 OK"
2026-08-05 17:57:06,090 INFO:HTTP Request: POST https://ogfzfgsvmjuimjjhaubs.supabase.co/auth/v1/token?grant_type=refresh_token "HTTP/2 200 OK"
2026-08-05 17:57:06,161 INFO:HTTP Request: POST https://ogfzfgsvmjuimjjhaubs.supabase.co/auth/v1/token?grant_type=refresh_token "HTTP/2 200 OK"
2026-08-05 18:56:56,237 INFO:HTTP Request: POST https://ogfzfgsvmjuimjjhaubs.supabase.co/auth/v1/token?grant_type=refresh_token "HTTP/2 200 OK"
2026-08-05 18:56:56,292 INFO:HTTP Request: POST https://ogfzfgsvmjuimjjhaubs.supabase.co/auth/v1/token?grant_type=refresh_token "HTTP/2 200 OK"
2026-08-05 19:56:46,409 INFO:HTTP Request: POST https://ogfzfgsvmjuimjjhaubs.supabase.co/auth/v1/token?grant_type=refresh_token "HTTP/2 200 OK"
2026-08-05 19:56:46,466 INFO:HTTP Request: POST https://ogfzfgsvmjuimjjhaubs.supabase.co/auth/v1/token?grant_type=refresh_token "HTTP/2 200 OK"
2026-08-05 20:56:37,417 INFO:HTTP Request: POST https://ogfzfgsvmjuimjjhaubs.supabase.co/auth/v1/token?grant_type=refresh_token "HTTP/2 200 OK"
2026-08-05 20:56:37,487 INFO:HTTP Request: POST https://ogfzfgsvmjuimjjhaubs.supabase.co/auth/v1/token?grant_type=refresh_token "HTTP/2 200 OK"
2026-08-05 21:56:28,499 INFO:HTTP Request: POST https://ogfzfgsvmjuimjjhaubs.supabase.co/auth/v1/token?grant_type=refresh_token "HTTP/2 200 OK"
2026-08-05 21:56:28,570 INFO:HTTP Request: POST https://ogfzfgsvmjuimjjhaubs.supabase.co/auth/v1/token?grant_type=refresh_token "HTTP/2 200 OK"
2026-08-06 07:22:25,828 INFO:HTTP Request: POST https://ogfzfgsvmjuimjjhaubs.supabase.co/auth/v1/token?grant_type=refresh_token "HTTP/2 200 OK"
2026-08-06 07:22:25,949 INFO:HTTP Request: POST https://ogfzfgsvmjuimjjhaubs.supabase.co/auth/v1/token?grant_type=refresh_token "HTTP/2 200 OK"
2026-08-06 08:22:15,885 INFO:HTTP Request: POST https://ogfzfgsvmjuimjjhaubs.supabase.co/auth/v1/token?grant_type=refresh_token "HTTP/2 200 OK"
2026-08-06 08:22:15,946 INFO:HTTP Request: POST https://ogfzfgsvmjuimjjhaubs.supabase.co/auth/v1/token?grant_type=refresh_token "HTTP/2 200 OK"
2026-08-06 09:22:05,923 INFO:HTTP Request: POST https://ogfzfgsvmjuimjjhaubs.supabase.co/auth/v1/token?grant_type=refresh_token "HTTP/2 200 OK"
2026-08-06 09:22:05,986 INFO:HTTP Request: POST https://ogfzfgsvmjuimjjhaubs.supabase.co/auth/v1/token?grant_type=refresh_token "HTTP/2 200 OK"
2026-08-06 10:21:56,775 INFO:HTTP Request: POST https://ogfzfgsvmjuimjjhaubs.supabase.co/auth/v1/token?grant_type=refresh_token "HTTP/2 200 OK"
2026-08-06 10:21:56,824 INFO:HTTP Request: POST https://ogfzfgsvmjuimjjhaubs.supabase.co/auth/v1/token?grant_type=refresh_token "HTTP/2 200 OK"
2026-08-06 11:27:08,764 INFO:HTTP Request: POST https://ogfzfgsvmjuimjjhaubs.supabase.co/auth/v1/token?grant_type=refresh_token "HTTP/2 200 OK"
2026-08-06 11:27:08,836 INFO:HTTP Request: POST https://ogfzfgsvmjuimjjhaubs.supabase.co/auth/v1/token?grant_type=refresh_token "HTTP/2 200 OK"
2026-08-06 12:26:57,834 INFO:HTTP Request: POST https://ogfzfgsvmjuimjjhaubs.supabase.co/auth/v1/token?grant_type=refresh_token "HTTP/2 200 OK"
2026-08-06 12:26:57,895 INFO:HTTP Request: POST https://ogfzfgsvmjuimjjhaubs.supabase.co/auth/v1/token?grant_type=refresh_token "HTTP/2 200 OK"
2026-08-06 13:26:46,666 INFO:HTTP Request: POST https://ogfzfgsvmjuimjjhaubs.supabase.co/auth/v1/token?grant_type=refresh_token "HTTP/2 200 OK"
2026-08-06 13:26:46,716 INFO:HTTP Request: POST https://ogfzfgsvmjuimjjhaubs.supabase.co/auth/v1/token?grant_type=refresh_token "HTTP/2 200 OK"
2026-08-06 14:26:35,605 INFO:HTTP Request: POST https://ogfzfgsvmjuimjjhaubs.supabase.co/auth/v1/token?grant_type=refresh_token "HTTP/2 200 OK"
2026-08-06 14:26:35,676 INFO:HTTP Request: POST https://ogfzfgsvmjuimjjhaubs.supabase.co/auth/v1/token?grant_type=refresh_token "HTTP/2 200 OK"
2026-08-06 15:34:52,664 INFO:HTTP Request: POST https://ogfzfgsvmjuimjjhaubs.supabase.co/auth/v1/token?grant_type=refresh_token "HTTP/2 200 OK"
2026-08-06 15:34:52,730 INFO:HTTP Request: POST https://ogfzfgsvmjuimjjhaubs.supabase.co/auth/v1/token?grant_type=refresh_token "HTTP/2 200 OK"
2026-08-06 16:34:40,895 INFO:HTTP Request: POST https://ogfzfgsvmjuimjjhaubs.supabase.co/auth/v1/token?grant_type=refresh_token "HTTP/2 200 OK"
2026-08-06 16:34:40,968 INFO:HTTP Request: POST https://ogfzfgsvmjuimjjhaubs.supabase.co/auth/v1/token?grant_type=refresh_token "HTTP/2 200 OK"
2026-08-06 17:40:24,422 INFO:HTTP Request: POST https://ogfzfgsvmjuimjjhaubs.supabase.co/auth/v1/token?grant_type=refresh_token "HTTP/2 200 OK"
2026-08-06 17:40:24,486 INFO:HTTP Request: POST https://ogfzfgsvmjuimjjhaubs.supabase.co/auth/v1/token?grant_type=refresh_token "HTTP/2 200 OK"
2026-08-06 18:40:14,664 INFO:HTTP Request: POST https://ogfzfgsvmjuimjjhaubs.supabase.co/auth/v1/token?grant_type=refresh_token "HTTP/2 200 OK"
2026-08-06 18:40:14,734 INFO:HTTP Request: POST https://ogfzfgsvmjuimjjhaubs.supabase.co/auth/v1/token?grant_type=refresh_token "HTTP/2 200 OK"
2026-08-06 19:40:04,689 INFO:HTTP Request: POST https://ogfzfgsvmjuimjjhaubs.supabase.co/auth/v1/token?grant_type=refresh_token "HTTP/2 200 OK"
2026-08-06 19:40:04,740 INFO:HTTP Request: POST https://ogfzfgsvmjuimjjhaubs.supabase.co/auth/v1/token?grant_type=refresh_token "HTTP/2 200 OK"
2026-08-06 20:39:54,744 INFO:HTTP Request: POST https://ogfzfgsvmjuimjjhaubs.supabase.co/auth/v1/token?grant_type=refresh_token "HTTP/2 200 OK"
2026-08-06 20:39:54,791 INFO:HTTP Request: POST https://ogfzfgsvmjuimjjhaubs.supabase.co/auth/v1/token?grant_type=refresh_token "HTTP/2 200 OK"
2026-08-06 21:39:44,147 INFO:HTTP Request: POST https://ogfzfgsvmjuimjjhaubs.supabase.co/auth/v1/token?grant_type=refresh_token "HTTP/2 200 OK"
2026-08-06 21:39:44,191 INFO:HTTP Request: POST https://ogfzfgsvmjuimjjhaubs.supabase.co/auth/v1/token?grant_type=refresh_token "HTTP/2 200 OK"
2026-08-06 22:39:35,166 INFO:HTTP Request: POST https://ogfzfgsvmjuimjjhaubs.supabase.co/auth/v1/token?grant_type=refresh_token "HTTP/2 200 OK"
2026-08-06 22:39:35,221 INFO:HTTP Request: POST https://ogfzfgsvmjuimjjhaubs.supabase.co/auth/v1/token?grant_type=refresh_token "HTTP/2 200 OK"
2026-08-06 23:58:37,815 INFO:HTTP Request: POST https://ogfzfgsvmjuimjjhaubs.supabase.co/auth/v1/token?grant_type=refresh_token "HTTP/2 200 OK"
2026-08-06 23:58:37,869 INFO:HTTP Request: POST https://ogfzfgsvmjuimjjhaubs.supabase.co/auth/v1/token?grant_type=refresh_token "HTTP/2 200 OK"
2026-08-07 00:58:28,132 INFO:HTTP Request: POST https://ogfzfgsvmjuimjjhaubs.supabase.co/auth/v1/token?grant_type=refresh_token "HTTP/2 200 OK"
2026-08-07 00:58:28,212 INFO:HTTP Request: POST https://ogfzfgsvmjuimjjhaubs.supabase.co/auth/v1/token?grant_type=refresh_token "HTTP/2 200 OK"
2026-08-07 01:58:18,232 INFO:HTTP Request: POST https://ogfzfgsvmjuimjjhaubs.supabase.co/auth/v1/token?grant_type=refresh_token "HTTP/2 200 OK"
2026-08-07 01:58:18,285 INFO:HTTP Request: POST https://ogfzfgsvmjuimjjhaubs.supabase.co/auth/v1/token?grant_type=refresh_token "HTTP/2 200 OK"
2026-08-07 02:58:08,354 INFO:HTTP Request: POST https://ogfzfgsvmjuimjjhaubs.supabase.co/auth/v1/token?grant_type=refresh_token "HTTP/2 200 OK"
2026-08-07 02:58:08,430 INFO:HTTP Request: POST https://ogfzfgsvmjuimjjhaubs.supabase.co/auth/v1/token?grant_type=refresh_token "HTTP/2 200 OK"
2026-08-07 03:57:59,680 INFO:HTTP Request: POST https://ogfzfgsvmjuimjjhaubs.supabase.co/auth/v1/token?grant_type=refresh_token "HTTP/2 200 OK"
2026-08-07 03:57:59,749 INFO:HTTP Request: POST https://ogfzfgsvmjuimjjhaubs.supabase.co/auth/v1/token?grant_type=refresh_token "HTTP/2 200 OK"
2026-08-07 04:57:50,063 INFO:HTTP Request: POST https://ogfzfgsvmjuimjjhaubs.supabase.co/auth/v1/token?grant_type=refresh_token "HTTP/2 200 OK"
2026-08-07 04:57:50,129 INFO:HTTP Request: POST https://ogfzfgsvmjuimjjhaubs.supabase.co/auth/v1/token?grant_type=refresh_token "HTTP/2 200 OK"
2026-08-07 05:57:41,456 INFO:HTTP Request: POST https://ogfzfgsvmjuimjjhaubs.supabase.co/auth/v1/token?grant_type=refresh_token "HTTP/2 200 OK"
2026-08-07 05:57:41,537 INFO:HTTP Request: POST https://ogfzfgsvmjuimjjhaubs.supabase.co/auth/v1/token?grant_type=refresh_token "HTTP/2 200 OK"
2026-08-07 06:57:31,580 INFO:HTTP Request: POST https://ogfzfgsvmjuimjjhaubs.supabase.co/auth/v1/token?grant_type=refresh_token "HTTP/2 200 OK"
2026-08-07 06:57:31,640 INFO:HTTP Request: POST https://ogfzfgsvmjuimjjhaubs.supabase.co/auth/v1/token?grant_type=refresh_token "HTTP/2 200 OK"
2026-08-07 07:57:21,745 INFO:HTTP Request: POST https://ogfzfgsvmjuimjjhaubs.supabase.co/auth/v1/token?grant_type=refresh_token "HTTP/2 200 OK"
2026-08-07 07:57:21,816 INFO:HTTP Request: POST https://ogfzfgsvmjuimjjhaubs.supabase.co/auth/v1/token?grant_type=refresh_token "HTTP/2 200 OK"
2026-08-07 08:57:11,814 INFO:HTTP Request: POST https://ogfzfgsvmjuimjjhaubs.supabase.co/auth/v1/token?grant_type=refresh_token "HTTP/2 200 OK"
2026-08-07 08:57:11,873 INFO:HTTP Request: POST https://ogfzfgsvmjuimjjhaubs.supabase.co/auth/v1/token?grant_type=refresh_token "HTTP/2 200 OK"
2026-08-07 09:57:01,999 INFO:HTTP Request: POST https://ogfzfgsvmjuimjjhaubs.supabase.co/auth/v1/token?grant_type=refresh_token "HTTP/2 200 OK"
2026-08-07 09:57:02,109 INFO:HTTP Request: POST https://ogfzfgsvmjuimjjhaubs.supabase.co/auth/v1/token?grant_type=refresh_token "HTTP/2 200 OK"
2026-08-07 11:05:33,274 INFO:HTTP Request: POST https://ogfzfgsvmjuimjjhaubs.supabase.co/auth/v1/token?grant_type=refresh_token "HTTP/2 200 OK"
2026-08-07 11:05:33,352 INFO:HTTP Request: POST https://ogfzfgsvmjuimjjhaubs.supabase.co/auth/v1/token?grant_type=refresh_token "HTTP/2 200 OK"
